McPAT (version 1.3 of Feb, 2015) is computing the target processor...
 

McPAT (version 1.3 of Feb, 2015) results  (current print level is 5)
*****************************************************************************************
  Technology 32 nm
  Using Long Channel Devices When Appropriate
  Interconnect metal projection= aggressive interconnect technology projection
  Core clock Rate(MHz) 2000

*****************************************************************************************
Processor: 
  Area = 22.4375 mm^2
  Peak Power = 17.4033 W
  Total Leakage = 6.37743 W
  Peak Dynamic = 11.0259 W
  Subthreshold Leakage = 5.97209 W
  Subthreshold Leakage with power gating = 3.031 W
  Gate Leakage = 0.405343 W
  Runtime Dynamic = 3.96929 W

  Total Cores: 1 cores 
  Device Type= ITRS high performance device type
    Area = 17.0026 mm^2
    Peak Dynamic = 10.5453 W
    Subthreshold Leakage = 4.99613 W
    Subthreshold Leakage with power gating = 2.48719 W
    Gate Leakage = 0.30635 W
    Runtime Dynamic = 3.88745 W

  Total First Level Directory: 
  Device Type= ITRS high performance device type
    Area = 0.29937 mm^2
    Peak Dynamic = 0.237898 W
    Subthreshold Leakage = 0.0545283 W
    Subthreshold Leakage with power gating = 0.0245377 W
    Gate Leakage = 0.00935703 W
    Runtime Dynamic = 0.0818424 W

  Total Second Level Directory: 
  Device Type= ITRS high performance device type
    Area = 5.13548 mm^2
    Peak Dynamic = 0.2427 W
    Subthreshold Leakage = 0.921432 W
    Subthreshold Leakage with power gating = 0.51927 W
    Gate Leakage = 0.0896356 W
    Runtime Dynamic = 0 W

*****************************************************************************************
Core:
      Area = 17.0026 mm^2
      Peak Dynamic = 10.5453 W
      Subthreshold Leakage = 4.99613 W
      Subthreshold Leakage with power gating = 2.48719 W
      Gate Leakage = 0.30635 W
      Runtime Dynamic = 3.88745 W

      Instruction Fetch Unit:
        Area = 1.52766 mm^2
        Peak Dynamic = 1.18909 W
        Subthreshold Leakage = 0.41521 W
        Subthreshold Leakage with power gating = 0.213527 W
        Gate Leakage = 0.0228624 W
        Runtime Dynamic = 0.408282 W

          Instruction Cache:
            Area = 0.933005 mm^2
            Peak Dynamic = 0.333502 W
            Subthreshold Leakage = 0.277363 W
            Subthreshold Leakage with power gating = 0.136402 W
            Gate Leakage = 0.0161499 W
            Runtime Dynamic = 0.161356 W

          Branch Target Buffer:
            Area = 0.519749 mm^2
            Peak Dynamic = 0.055891 W
            Subthreshold Leakage = 0.103064 W
            Subthreshold Leakage with power gating = 0.0607722 W
            Gate Leakage = 0.00188656 W
            Runtime Dynamic = 0.00763746 W

          Branch Predictor:
            Area = 0.00730901 mm^2
            Peak Dynamic = 0.00367095 W
            Subthreshold Leakage = 0.00100355 W
            Subthreshold Leakage with power gating = 0.000540621 W
            Gate Leakage = 8.0727e-05 W
            Runtime Dynamic = 0.000210444 W

              Global Predictor:
                Area = 0.00103738 mm^2
                Peak Dynamic = 0.000316278 W
                Subthreshold Leakage = 0.000180283 W
                Subthreshold Leakage with power gating = 9.71012e-05 W
                Gate Leakage = 1.65991e-05 W
                Runtime Dynamic = 5.24138e-05 W

              Local Predictor:
              L1_Local Predictor:
                Area = 0.00103738 mm^2
                Peak Dynamic = 0.000316278 W
                Subthreshold Leakage = 0.000180283 W
                Subthreshold Leakage with power gating = 9.71012e-05 W
                Gate Leakage = 1.65991e-05 W
                Runtime Dynamic = 5.24138e-05 W

              L2_Local Predictor:
                Area = 0.00103738 mm^2
                Peak Dynamic = 0.000316278 W
                Subthreshold Leakage = 0.000180283 W
                Subthreshold Leakage with power gating = 9.71012e-05 W
                Gate Leakage = 1.65991e-05 W
                Runtime Dynamic = 5.24138e-05 W

              Chooser:
                Area = 0.00103738 mm^2
                Peak Dynamic = 0.000316278 W
                Subthreshold Leakage = 0.000180283 W
                Subthreshold Leakage with power gating = 9.71012e-05 W
                Gate Leakage = 1.65991e-05 W
                Runtime Dynamic = 5.24138e-05 W

              RAS:
                Area = 0.00315948 mm^2
                Peak Dynamic = 0.00240583 W
                Subthreshold Leakage = 0.000282417 W
                Subthreshold Leakage with power gating = 0.000152217 W
                Gate Leakage = 1.43306e-05 W
                Runtime Dynamic = 7.89303e-07 W

          Instruction Buffer:
            Area = 0.0245682 mm^2
            Peak Dynamic = 0.456267 W
            Subthreshold Leakage = 0.00573827 W
            Subthreshold Leakage with power gating = 0.00319371 W
            Gate Leakage = 0.000234597 W
            Runtime Dynamic = 0.128301 W

          Instruction Decoder:
            Area = 0.0121409 mm^2
            Peak Dynamic = 0.314767 W
            Subthreshold Leakage = 0.00264552 W
            Subthreshold Leakage with power gating = 0.00119048 W
            Gate Leakage = 0.00013906 W
            Runtime Dynamic = 0.0885115 W

      Renaming Unit:
        Area = 0.64467 mm^2
        Peak Dynamic = 2.62093 W
        Subthreshold Leakage = 0.0397117 W
        Subthreshold Leakage with power gating = 0.019667 W
        Gate Leakage = 0.00500819 W
        Runtime Dynamic = 0.523459 W

          Int Front End RAT with 1 internal checkpoints:
            Area = 0.0638505 mm^2
            Peak Dynamic = 1.11817 W
            Subthreshold Leakage = 0.00162016 W
            Subthreshold Leakage with power gating = 0.000840802 W
            Gate Leakage = 8.84316e-05 W
            Runtime Dynamic = 0.362276 W

          FP Front End RAT with 1 internal checkpoints:
            Area = 0.0638505 mm^2
            Peak Dynamic = 1.11817 W
            Subthreshold Leakage = 0.00162016 W
            Subthreshold Leakage with power gating = 0.000840802 W
            Gate Leakage = 8.84316e-05 W
            Runtime Dynamic = 1.19648e-10 W

          Free List:
            Area = 0.243042 mm^2
            Peak Dynamic = 0.14232 W
            Subthreshold Leakage = 0.00553787 W
            Subthreshold Leakage with power gating = 0.00327868 W
            Gate Leakage = 0.000229913 W
            Runtime Dynamic = 0.0721189 W

          FP Free List:
            Area = 0.243042 mm^2
            Peak Dynamic = 0.14232 W
            Subthreshold Leakage = 0.00553787 W
            Subthreshold Leakage with power gating = 0.00327868 W
            Gate Leakage = 0.000229913 W
            Runtime Dynamic = 3.98142e-10 W

      Load Store Unit:
        Area = 2.08004 mm^2
        Peak Dynamic = 0.974114 W
        Subthreshold Leakage = 0.505712 W
        Subthreshold Leakage with power gating = 0.243111 W
        Gate Leakage = 0.0332228 W
        Runtime Dynamic = 0.254704 W

          Data Cache:
            Area = 1.58239 mm^2
            Peak Dynamic = 0.834755 W
            Subthreshold Leakage = 0.426884 W
            Subthreshold Leakage with power gating = 0.207639 W
            Gate Leakage = 0.0253501 W
            Runtime Dynamic = 0.0488055 W

          LoadQ:
            Area = 0.140961 mm^2
            Peak Dynamic = 0.0575601 W
            Subthreshold Leakage = 0.0268607 W
            Subthreshold Leakage with power gating = 0.0120873 W
            Gate Leakage = 0.00175772 W
            Runtime Dynamic = 0.0617482 W

          StoreQ:
            Area = 0.139517 mm^2
            Peak Dynamic = 0.0568088 W
            Subthreshold Leakage = 0.0265715 W
            Subthreshold Leakage with power gating = 0.0119572 W
            Gate Leakage = 0.00174348 W
            Runtime Dynamic = 0.121884 W

      Memory Management Unit:
        Area = 0.135699 mm^2
        Peak Dynamic = 0.0787441 W
        Subthreshold Leakage = 0.0463798 W
        Subthreshold Leakage with power gating = 0.0208709 W
        Runtime Dynamic = 0.074833 W

          Itlb:
            Area = 0.0250813 mm^2
            Peak Dynamic = 0.00439104 W
            Subthreshold Leakage = 0.00613921 W
            Subthreshold Leakage with power gating = 0.00276265 W
            Gate Leakage = 0.000387445 W
            Runtime Dynamic = 0 W

          Dtlb:
            Area = 0.079733 mm^2
            Peak Dynamic = 0.0118773 W
            Subthreshold Leakage = 0.014845 W
            Subthreshold Leakage with power gating = 0.00668025 W
            Gate Leakage = 0.000967156 W
            Runtime Dynamic = 0.0191676 W

      Execution Unit:
        Area = 5.43853 mm^2
        Peak Dynamic = 5.68241 W
        Subthreshold Leakage = 1.05163 W
        Subthreshold Leakage with power gating = 0.483313 W
        Runtime Dynamic = 2.61063 W

          Register Files:
            Area = 2.45982 mm^2
            Peak Dynamic = 2.0532 W
            Subthreshold Leakage = 0.0721711 W
            Subthreshold Leakage with power gating = 0.0398074 W
            Gate Leakage = 0.00377761 W
            Runtime Dynamic = 0.394302 W

              Integer RF:
                Area = 1.22991 mm^2
                Peak Dynamic = 1.64982 W
                Subthreshold Leakage = 0.0360856 W
                Subthreshold Leakage with power gating = 0.0199037 W
                Gate Leakage = 0.00188881 W
                Runtime Dynamic = 0.394302 W

              Floating Point RF:
                Area = 1.22991 mm^2
                Peak Dynamic = 0.403376 W
                Subthreshold Leakage = 0.0360856 W
                Subthreshold Leakage with power gating = 0.0199037 W
                Gate Leakage = 0.00188881 W
                Runtime Dynamic = 2.09232e-09 W

          Instruction Scheduler:
            Area = 1.36766 mm^2
            Peak Dynamic = 2.5037 W
            Subthreshold Leakage = 0.109207 W
            Subthreshold Leakage with power gating = 0.0518902 W
            Gate Leakage = 0.006893 W
            Runtime Dynamic = 0.438876 W

              Instruction Window:
                Area = 0.211497 mm^2
                Peak Dynamic = 0.615218 W
                Subthreshold Leakage = 0.0199423 W
                Subthreshold Leakage with power gating = 0.00897405 W
                Gate Leakage = 0.00138355 W
                Runtime Dynamic = 0.0937413 W

              FP Instruction Window:
                Area = 0.567087 mm^2
                Peak Dynamic = 1.12815 W
                Subthreshold Leakage = 0.068179 W
                Subthreshold Leakage with power gating = 0.0306805 W
                Gate Leakage = 0.00459847 W
                Runtime Dynamic = 0 W

              ROB:
                Area = 0.589073 mm^2
                Peak Dynamic = 0.760335 W
                Subthreshold Leakage = 0.0210853 W
                Subthreshold Leakage with power gating = 0.0122356 W
                Gate Leakage = 0.000910978 W
                Runtime Dynamic = 0.345134 W

          Integer ALUs (Count: 1 ):
            Area = 0.0549349 mm^2
            Peak Dynamic = 0.164499 W
            Subthreshold Leakage = 0.0629008 W
            Subthreshold Leakage with power gating = 0.0283054 W
            Gate Leakage = 0.00430246 W
            Runtime Dynamic = 0.157829 W

          Floating Point Units (FPUs) (Count: 1 ):
            Area = 1.17785 mm^2
            Peak Dynamic = 0.148049 W
            Subthreshold Leakage = 0.337162 W
            Subthreshold Leakage with power gating = 0.151723 W
            Gate Leakage = 0.0230621 W
            Runtime Dynamic = 0.166873 W

          Complex ALUs (Mul/Div) (Count: 2 ):
            Area = 0.329609 mm^2
            Peak Dynamic = 0.164024 W
            Subthreshold Leakage = 0.377405 W
            Subthreshold Leakage with power gating = 0.169832 W
            Gate Leakage = 0.0258148 W
            Runtime Dynamic = 0.281677 W

          Results Broadcast Bus:
            Area Overhead = 0.0177662 mm^2
            Peak Dynamic = 0.548981 W
            Subthreshold Leakage = 0.0673925 W
            Subthreshold Leakage with power gating = 0.0303266 W
            Gate Leakage = 0.00460969 W
            Runtime Dynamic = 1.08201 W

    L2
    Area = 4.85211 mm^2
    Peak Dynamic = 0 W
    Subthreshold Leakage = 1.60704 W
    Subthreshold Leakage with power gating = 0.908004 W
    Gate Leakage = 0.0756964 W
    Runtime Dynamic = 0.00776889 W

*****************************************************************************************
      First Level Directory
      Area = 0.29937 mm^2
      Peak Dynamic = 0.237898 W
      Subthreshold Leakage = 0.0545283 W
      Subthreshold Leakage with power gating = 0.0245377 W
      Gate Leakage = 0.00935703 W
      Runtime Dynamic = 0.0818424 W

*****************************************************************************************
      Second Level Directory
      Area = 5.13548 mm^2
      Peak Dynamic = 0.2427 W
      Subthreshold Leakage = 0.921432 W
      Subthreshold Leakage with power gating = 0.51927 W
      Gate Leakage = 0.0896356 W
      Runtime Dynamic = 0 W

*****************************************************************************************
